111111111111


222222
